---
source: crates/glassrip-render/tests/render.rs
expression: text
---
<svg xmlns="http://www.w3.org/2000/svg" width="1640" height="1073" viewBox="0 0 1640 1073">
  <defs>
    <style>
      .title { font-family: Inter, -apple-system, Segoe UI, Roboto, sans-serif; font-size: 24px; font-weight: 700; fill: #0f172a; }
      .subtitle { font-family: Inter, -apple-system, Segoe UI, Roboto, sans-serif; font-size: 13px; font-weight: 400; fill: #64748b; }
      .section-label { font-family: Inter, -apple-system, Segoe UI, Roboto, sans-serif; font-size: 18px; font-weight: 700; fill: #0f172a; }
      .heading { font-family: Inter, -apple-system, Segoe UI, Roboto, sans-serif; font-size: 14px; font-weight: 600; fill: #ffffff; }
      .body { font-family: Inter, -apple-system, Segoe UI, Roboto, sans-serif; font-size: 12px; font-weight: 400; fill: #334155; }
      .body-strong { font-family: Inter, -apple-system, Segoe UI, Roboto, sans-serif; font-size: 12px; font-weight: 600; fill: #0f172a; }
      .small { font-family: Inter, -apple-system, Segoe UI, Roboto, sans-serif; font-size: 10px; font-weight: 400; fill: #475569; }
      .mono { font-family: ui-monospace, SFMono-Regular, Menlo, Monaco, Consolas, monospace; font-size: 11px; font-weight: 400; fill: #0f172a; }
      .label { font-family: Inter, -apple-system, Segoe UI, Roboto, sans-serif; font-size: 10px; font-weight: 700; letter-spacing: 0.05em; fill: #ffffff; }
      .edge-label { font-family: Inter, -apple-system, Segoe UI, Roboto, sans-serif; font-size: 11px; font-weight: 700; fill: #0f172a; }
      .pill-text { font-family: Inter, -apple-system, Segoe UI, Roboto, sans-serif; font-size: 11px; font-weight: 600; fill: #ffffff; }
      .sticky-text { font-family: Inter, -apple-system, Segoe UI, Roboto, sans-serif; font-size: 12px; font-weight: 500; fill: #422006; }
      .grid-text { font-family: Inter, -apple-system, Segoe UI, Roboto, sans-serif; font-size: 12px; font-weight: 600; fill: #1e3a8a; }
      .grid-text-green { font-family: Inter, -apple-system, Segoe UI, Roboto, sans-serif; font-size: 12px; font-weight: 600; fill: #065f46; }
      .card-title { font-family: Inter, -apple-system, Segoe UI, Roboto, sans-serif; font-size: 13px; font-weight: 600; fill: #5b21b6; }
    </style>
    <filter id="shadow" x="-4%" y="-4%" width="108%" height="116%">
      <feGaussianBlur in="SourceAlpha" stdDeviation="3"/>
      <feOffset dy="2" result="offsetblur"/>
      <feFlood flood-color="#000000" flood-opacity="0.1"/>
      <feComposite in2="offsetblur" operator="in"/>
      <feMerge><feMergeNode/><feMergeNode in="SourceGraphic"/></feMerge>
    </filter>
    <filter id="shadow-sm" x="-4%" y="-4%" width="108%" height="116%">
      <feGaussianBlur in="SourceAlpha" stdDeviation="1.5"/>
      <feOffset dy="1" result="offsetblur"/>
      <feFlood flood-color="#000000" flood-opacity="0.06"/>
      <feComposite in2="offsetblur" operator="in"/>
      <feMerge><feMergeNode/><feMergeNode in="SourceGraphic"/></feMerge>
    </filter>
    <linearGradient id="canvas-bg" x1="0" y1="0" x2="1" y2="1">
      <stop offset="0%" stop-color="#f0f4ff"/>
      <stop offset="100%" stop-color="#e8efff"/>
    </linearGradient>    <linearGradient id="zone-client" x1="0" y1="0" x2="0" y2="1">
      <stop offset="0%" stop-color="#0891b2" stop-opacity="0.08"/>
      <stop offset="100%" stop-color="#0891b2" stop-opacity="0.02"/>
    </linearGradient>
    <filter id="glow-client" x="-20%" y="-20%" width="140%" height="140%">
      <feGaussianBlur in="SourceAlpha" stdDeviation="6"/>
      <feFlood flood-color="#0891b2" flood-opacity="0.18"/>
      <feComposite operator="in" in2="SourceAlpha"/>
      <feMerge><feMergeNode/><feMergeNode in="SourceGraphic"/></feMerge>
    </filter>    <linearGradient id="zone-api" x1="0" y1="0" x2="0" y2="1">
      <stop offset="0%" stop-color="#2563eb" stop-opacity="0.08"/>
      <stop offset="100%" stop-color="#2563eb" stop-opacity="0.02"/>
    </linearGradient>
    <filter id="glow-api" x="-20%" y="-20%" width="140%" height="140%">
      <feGaussianBlur in="SourceAlpha" stdDeviation="6"/>
      <feFlood flood-color="#2563eb" flood-opacity="0.18"/>
      <feComposite operator="in" in2="SourceAlpha"/>
      <feMerge><feMergeNode/><feMergeNode in="SourceGraphic"/></feMerge>
    </filter>    <linearGradient id="zone-processing" x1="0" y1="0" x2="0" y2="1">
      <stop offset="0%" stop-color="#10b981" stop-opacity="0.08"/>
      <stop offset="100%" stop-color="#10b981" stop-opacity="0.02"/>
    </linearGradient>
    <filter id="glow-processing" x="-20%" y="-20%" width="140%" height="140%">
      <feGaussianBlur in="SourceAlpha" stdDeviation="6"/>
      <feFlood flood-color="#10b981" flood-opacity="0.18"/>
      <feComposite operator="in" in2="SourceAlpha"/>
      <feMerge><feMergeNode/><feMergeNode in="SourceGraphic"/></feMerge>
    </filter>  </defs>

  <!-- background -->
  <rect x="0" y="0" width="1640" height="1073" fill="url(#canvas-bg)"/>

  <!-- title -->
  <text class="title" x="820" y="40" text-anchor="middle">Kiosk Relay Pilot</text>
  <text class="subtitle" x="820" y="62" text-anchor="middle">Architecture as drawn on the board during the meeting (final state at 01:20)</text>

  <!-- legend -->
  <g transform="translate(308, 76)">
    <rect width="1025" height="44" rx="8" fill="#ffffff" fill-opacity="0.9" stroke="#e2e8f0"/>    <line x1="16" y1="22" x2="46" y2="22" stroke="#0f172a" stroke-width="2"/>
    <polygon points="56,22 45,16 45,28" fill="#0f172a"/>
    <text class="body" x="64" y="26">Request (caller to callee)</text>    <line x1="230" y1="22" x2="258" y2="22" stroke="#7c3aed" stroke-width="1.5" stroke-dasharray="6,4"/>
    <polygon points="268,22 257,16 257,28" fill="#7c3aed"/>
    <text class="body" x="278" y="26">Proposed relationship</text>    <rect x="428" y="12" width="64" height="20" rx="10" fill="#16a34a"/>
    <text class="pill-text" x="460" y="26" text-anchor="middle">Owner</text>
    <text class="body" x="500" y="26">Owner tag on the board</text>    <rect x="661" y="12" width="76" height="20" rx="6" fill="#ef4444"/>
    <text class="label" x="699" y="26" text-anchor="middle">DEFERRED</text>
    <text class="body" x="745" y="26">Deferred by a decision</text>    <rect x="899" y="12" width="20" height="20" rx="3" fill="#fef9c3" stroke="#eab308"/>
    <text class="body" x="927" y="26">Board sticky</text>  </g>
  <!-- zone: API -->
  <rect x="40" y="537" width="284" height="272" rx="12" fill="url(#zone-api)" stroke="#2563eb" stroke-width="2" stroke-dasharray="8,4"/>
  <text class="section-label" x="60" y="565">API</text>  <rect x="60" y="577" width="57" height="24" rx="6" fill="#2563eb"/>
  <text class="label" x="89" y="593" text-anchor="middle">FOCUS</text>  <!-- zone: Services -->
  <rect x="40" y="148" width="284" height="272" rx="12" fill="url(#zone-processing)" stroke="#10b981" stroke-width="2" stroke-dasharray="8,4"/>
  <text class="section-label" x="60" y="176">Services</text>  <!-- zone: Client -->
  <rect x="708" y="537" width="892" height="272" rx="12" fill="url(#zone-client)" stroke="#0891b2" stroke-width="2" stroke-dasharray="8,4"/>
  <text class="section-label" x="728" y="565">Client</text>  <!-- card: node-1 -->
  <g filter="url(#shadow)">
    <rect x="72" y="248" width="220" height="132" rx="10" fill="#ffffff" stroke="#10b981" stroke-width="2"/>
    <rect x="72" y="248" width="220" height="32" rx="10" fill="#10b981"/>
    <rect x="72" y="268" width="220" height="12" fill="#10b981"/>
    <text class="heading" x="84" y="269">Ledger Service</text>    <text class="body" x="84" y="306">Service</text>    <text class="small" x="84" y="326">On the board from 00:00</text>  </g>
  <!-- card: node-2 -->
  <g filter="url(#glow-api)">
    <rect x="72" y="637" width="220" height="132" rx="10" fill="#ffffff" stroke="#2563eb" stroke-width="2"/>
    <rect x="72" y="637" width="220" height="32" rx="10" fill="#2563eb"/>
    <rect x="72" y="657" width="220" height="12" fill="#2563eb"/>
    <text class="heading" x="84" y="658">Relay API</text>    <text class="body" x="84" y="695">API layer</text>    <text class="small" x="84" y="715">On the board from 00:00</text>  </g>
  <!-- card: node-4 -->
  <g filter="url(#shadow)">
    <rect x="740" y="637" width="220" height="132" rx="10" fill="#ffffff" stroke="#0891b2" stroke-width="2"/>
    <rect x="740" y="637" width="220" height="32" rx="10" fill="#0891b2"/>
    <rect x="740" y="657" width="220" height="12" fill="#0891b2"/>
    <text class="heading" x="752" y="658">Kiosk App</text>    <text class="body" x="752" y="695">Client</text>    <text class="small" x="752" y="715">On the board from 00:10</text>  </g>
  <!-- card: node-5 -->
  <g filter="url(#shadow)">
    <rect x="1348" y="637" width="220" height="132" rx="10" fill="#ffffff" stroke="#0891b2" stroke-width="2" stroke-dasharray="6,3"/>
    <rect x="1348" y="637" width="220" height="32" rx="10" fill="#0891b2"/>
    <rect x="1348" y="657" width="220" height="12" fill="#0891b2"/>
    <text class="heading" x="1360" y="658">Design Kit</text>    <text class="body" x="1360" y="695">Client</text>    <text class="small" x="1360" y="715">On the board from 00:10</text>    <text class="small" x="1360" y="733" style="fill:#b91c1c">Deferred at 00:26</text>  </g>
  <!-- edges -->  <path d="M 182,637 L 182,391" stroke="#0f172a" stroke-width="2" fill="none"/>  <polygon points="182,380 188,391 176,391" fill="#0f172a"/>  <rect x="188" y="500" width="44" height="18" rx="4" fill="#ffffff" stroke="#cbd5e1"/>
  <text class="edge-label" x="210" y="513" text-anchor="middle">REST</text>  <path d="M 292,314 L 1458,314 L 1458,626" stroke="#7c3aed" stroke-width="1.5" fill="none" stroke-dasharray="6,4"/>  <polygon points="1458,637 1452,626 1464,626" fill="#7c3aed"/>  <rect x="745" y="284" width="260" height="24" rx="6" fill="#ffffff" stroke="#7c3aed"/>
  <text class="body" x="875" y="300" text-anchor="middle" style="fill:#5b21b6">Links between ledger entries + kit widgets</text>  <path d="M 740,703 L 303,703" stroke="#0f172a" stroke-width="2" fill="none"/>  <polygon points="292,703 303,697 303,709" fill="#0f172a"/>  <rect x="485" y="679" width="62" height="18" rx="4" fill="#ffffff" stroke="#cbd5e1"/>
  <text class="edge-label" x="516" y="692" text-anchor="middle">GraphQL</text>  <path d="M 960,703 L 1337,703" stroke="#0f172a" stroke-width="2" fill="none"/>  <polygon points="1348,703 1337,709 1337,697" fill="#0f172a"/>
  <!-- owners and badges -->  <rect x="488" y="713" width="57" height="24" rx="12" fill="#16a34a"/>
  <text class="pill-text" x="517" y="729" text-anchor="middle">Rohan</text>  <rect x="740" y="603" width="56" height="24" rx="12" fill="#16a34a"/>
  <text class="pill-text" x="768" y="619" text-anchor="middle">Avery</text>  <rect x="1348" y="603" width="56" height="24" rx="12" fill="#16a34a"/>
  <text class="pill-text" x="1376" y="619" text-anchor="middle">Mira</text>  <rect x="1205" y="603" width="135" height="24" rx="6" fill="#ef4444"/>
  <text class="label" x="1272.5" y="619" text-anchor="middle">DEFERRED (00:26)</text>  <text class="small" x="1239" y="595">moved from Ledger Service (01:00)</text>  <!-- stickies -->  <g filter="url(#shadow-sm)">
    <rect x="70" y="833" width="220" height="96" rx="6" fill="#fef9c3" stroke="#eab308"/>
    <rect x="70" y="833" width="220" height="24" rx="6" fill="#f59e0b"/>
    <rect x="70" y="849" width="220" height="8" fill="#f59e0b"/>
    <text class="label" x="82" y="849">OPEN QUESTION</text>    <text class="sticky-text" x="82" y="879">Which widgets do we need</text>    <text class="sticky-text" x="82" y="897">for the kiosk?</text>  </g>  <g filter="url(#shadow-sm)">
    <rect x="390" y="833" width="220" height="96" rx="6" fill="#fef9c3" stroke="#eab308"/>
    <rect x="390" y="833" width="220" height="24" rx="6" fill="#f59e0b"/>
    <rect x="390" y="849" width="220" height="8" fill="#f59e0b"/>
    <text class="label" x="402" y="849">OPEN QUESTION</text>    <text class="sticky-text" x="402" y="879">Do we change the badge</text>    <text class="sticky-text" x="402" y="897">flow?</text>  </g>  <g filter="url(#shadow-sm)">
    <rect x="710" y="833" width="220" height="96" rx="6" fill="#fef9c3" stroke="#eab308"/>
    <rect x="710" y="833" width="220" height="24" rx="6" fill="#6366f1"/>
    <rect x="710" y="849" width="220" height="8" fill="#6366f1"/>
    <text class="label" x="722" y="849">IDEA</text>    <text class="sticky-text" x="722" y="879">visitors pick their badge</text>    <text class="sticky-text" x="722" y="897">color</text>  </g>  <g filter="url(#shadow-sm)">
    <rect x="1030" y="833" width="220" height="96" rx="6" fill="#fef9c3" stroke="#eab308"/>
    <rect x="1030" y="833" width="220" height="24" rx="6" fill="#2563eb"/>
    <rect x="1030" y="849" width="220" height="8" fill="#2563eb"/>
    <text class="label" x="1042" y="849">NOTE</text>    <text class="sticky-text" x="1042" y="879">Clone the lobby page</text>  </g>  <g filter="url(#shadow-sm)">
    <rect x="1350" y="833" width="220" height="96" rx="6" fill="#fef9c3" stroke="#eab308"/>
    <rect x="1350" y="833" width="220" height="24" rx="6" fill="#0891b2"/>
    <rect x="1350" y="849" width="220" height="8" fill="#0891b2"/>
    <text class="label" x="1362" y="849">MILESTONE</text>    <text class="sticky-text" x="1362" y="879">Pilot milestone in May</text>  </g>  <!-- decision banner -->
  <g filter="url(#shadow)">
    <rect x="40" y="953" width="1560" height="56" rx="10" fill="#fef3c7" stroke="#f59e0b" stroke-width="2"/>
  </g>
  <rect x="56" y="969" width="78" height="24" rx="6" fill="#f59e0b"/>
  <text class="label" x="95" y="985" text-anchor="middle">DECISION</text>  <text class="body-strong" x="152" y="978">Park the Design Kit links for now and focus on the relay side (00:26 to 00:32)</text>  <text class="small" x="152" y="996" style="fill:#92400e">2 more decisions in the notes</text>  <!-- footer -->
  <text class="small" x="820" y="1049" text-anchor="middle">Source: board read from the meeting recording (final state at 01:20); owners from name tags on the board; deferrals and the banner from decisions validated against the transcript.</text>
</svg>
